// Jest Snapshot v1, https://goo.gl/fbAQLP

exports[`AppointmentList Component matches snapshot 1`] = `
<div>
  <div
    class="appointments-list"
    data-testid="appointments-list"
  >
    <h2
      class="text-xl font-semibold mb-4"
    >
      Your Appointments 
    </h2>
    <div
      class="space-y-4"
    >
      <div
        class="appointment-card border rounded-lg p-4 shadow-sm"
        data-testid="appointment-item"
      >
        <div
          class="flex justify-between items-start"
        >
          <div>
            <h3
              class="font-medium"
            >
              Annual checkup
            </h3>
            <p
              class="text-sm text-gray-600"
            >
              4/30/2024
               
              at 
              10:00
               - 
              10:30
            </p>
          </div>
          <div
            class="appointment-status"
          >
            <span
              class="inline-block px-2 py-1 rounded-full text-xs font-medium bg-green-100 text-green-800"
            >
              CONFIRMED
            </span>
          </div>
        </div>
      </div>
      <div
        class="appointment-card border rounded-lg p-4 shadow-sm"
        data-testid="appointment-item"
      >
        <div
          class="flex justify-between items-start"
        >
          <div>
            <h3
              class="font-medium"
            >
              Follow-up consultation
            </h3>
            <p
              class="text-sm text-gray-600"
            >
              5/1/2024
               
              at 
              14:00
               - 
              14:30
            </p>
          </div>
          <div
            class="appointment-status"
          >
            <span
              class="inline-block px-2 py-1 rounded-full text-xs font-medium bg-yellow-100 text-yellow-800"
            >
              PENDING
            </span>
          </div>
        </div>
      </div>
      <div
        class="appointment-card border rounded-lg p-4 shadow-sm"
        data-testid="appointment-item"
      >
        <div
          class="flex justify-between items-start"
        >
          <div>
            <h3
              class="font-medium"
            >
              Vaccination
            </h3>
            <p
              class="text-sm text-gray-600"
            >
              5/2/2024
               
              at 
              11:00
               - 
              11:15
            </p>
          </div>
          <div
            class="appointment-status"
          >
            <span
              class="inline-block px-2 py-1 rounded-full text-xs font-medium bg-red-100 text-red-800"
            >
              CANCELLED
            </span>
          </div>
        </div>
      </div>
    </div>
  </div>
</div>
`;
