// Jest Snapshot v1, https://goo.gl/fbAQLP

exports[`ProfileImageUploader Component matches snapshot 1`] = `
<div>
  <div
    class="profile-image-uploader"
    data-testid="profile-image-uploader"
  >
    <div
      class="flex items-center space-x-4"
    >
      <div
        class="relative"
      >
        <div
          class="w-24 h-24 rounded-full overflow-hidden bg-gray-200 flex items-center justify-center"
        >
          <svg
            aria-hidden="true"
            class="svg-inline--fa fa-user text-gray-400 text-4xl"
            data-icon="user"
            data-prefix="fas"
            data-testid="default-icon"
            focusable="false"
            role="img"
            viewBox="0 0 448 512"
            xmlns="http://www.w3.org/2000/svg"
          >
            <path
              d="M224 256A128 128 0 1 0 224 0a128 128 0 1 0 0 256zm-45.7 48C79.8 304 0 383.8 0 482.3C0 498.7 13.3 512 29.7 512l388.6 0c16.4 0 29.7-13.3 29.7-29.7C448 383.8 368.2 304 269.7 304l-91.4 0z"
              fill="currentColor"
            />
          </svg>
        </div>
      </div>
      <div
        class="flex flex-col space-y-2"
      >
        <input
          accept="image/*"
          class="hidden"
          data-testid="file-input"
          type="file"
        />
        <button
          class="
    inline-flex items-center justify-center font-medium transition-colors focus:outline-none focus:ring-2 focus:ring-offset-2
    text-sm py-1.5 px-3
    bg-blue-600 hover:bg-blue-700 text-white focus:ring-blue-500 bg-blue
    
    
    rounded-md
    
  "
          data-testid="upload-button"
        >
          <svg
            aria-hidden="true"
            class="svg-inline--fa fa-upload mr-2"
            data-icon="upload"
            data-prefix="fas"
            focusable="false"
            role="img"
            viewBox="0 0 512 512"
            xmlns="http://www.w3.org/2000/svg"
          >
            <path
              d="M288 109.3L288 352c0 17.7-14.3 32-32 32s-32-14.3-32-32l0-242.7-73.4 73.4c-12.5 12.5-32.8 12.5-45.3 0s-12.5-32.8 0-45.3l128-128c12.5-12.5 32.8-12.5 45.3 0l128 128c12.5 12.5 12.5 32.8 0 45.3s-32.8 12.5-45.3 0L288 109.3zM64 352l128 0c0 35.3 28.7 64 64 64s64-28.7 64-64l128 0c35.3 0 64 28.7 64 64l0 32c0 35.3-28.7 64-64 64L64 512c-35.3 0-64-28.7-64-64l0-32c0-35.3 28.7-64 64-64zM432 456a24 24 0 1 0 0-48 24 24 0 1 0 0 48z"
              fill="currentColor"
            />
          </svg>
          Upload Photo
        </button>
      </div>
    </div>
    <div
      class="mt-2 text-xs text-gray-500"
    >
      Supported formats: JPG, PNG. Max size: 5MB
    </div>
  </div>
</div>
`;
