// Jest Snapshot v1, https://goo.gl/fbAQLP

exports[`Button Component matches snapshot 1`] = `
<div>
  <button
    class="
    inline-flex items-center justify-center font-medium transition-colors focus:outline-none focus:ring-2 focus:ring-offset-2
    text-base py-2 px-4
    bg-blue-600 hover:bg-blue-700 text-white focus:ring-blue-500 bg-blue
    
    
    rounded-md
    
  "
  >
    Snapshot Test
  </button>
</div>
`;
