// Jest Snapshot v1, https://goo.gl/fbAQLP

exports[`Modal Component matches snapshot 1`] = `
<div>
  <div
    as="div"
    class="relative z-50"
    data-testid="dialog"
  >
    <div
      class="fixed inset-0 bg-black bg-opacity-25 backdrop-blur-sm"
    />
    <div
      class="fixed inset-0 overflow-y-auto"
    >
      <div
        class="flex min-h-full items-center justify-center p-4 text-center"
      >
        <div
          class="w-full max-w-md transform overflow-hidden rounded-lg bg-white p-6 text-left align-middle shadow-xl transition-all"
          data-testid="dialog-panel"
        >
          <div
            class="flex items-center justify-between mb-4"
          >
            <h3
              class="text-lg font-medium leading-6 text-gray-900"
              data-testid="dialog-title"
            >
              Snapshot Test
            </h3>
            <button
              class="text-gray-400 hover:text-gray-500 focus:outline-none focus:ring-2 focus:ring-blue-500 focus:ring-offset-2 rounded-full p-1"
              type="button"
            >
              <span
                class="sr-only"
              >
                Close
              </span>
              <svg
                aria-hidden="true"
                class="svg-inline--fa fa-xmark h-5 w-5"
                data-icon="xmark"
                data-prefix="fas"
                focusable="false"
                role="img"
                viewBox="0 0 384 512"
                xmlns="http://www.w3.org/2000/svg"
              >
                <path
                  d="M342.6 150.6c12.5-12.5 12.5-32.8 0-45.3s-32.8-12.5-45.3 0L192 210.7 86.6 105.4c-12.5-12.5-32.8-12.5-45.3 0s-12.5 32.8 0 45.3L146.7 256 41.4 361.4c-12.5 12.5-12.5 32.8 0 45.3s32.8 12.5 45.3 0L192 301.3 297.4 406.6c12.5 12.5 32.8 12.5 45.3 0s12.5-32.8 0-45.3L237.3 256 342.6 150.6z"
                  fill="currentColor"
                />
              </svg>
            </button>
          </div>
          <div
            class="mt-2"
          >
            <p>
              Modal content for snapshot
            </p>
          </div>
        </div>
      </div>
    </div>
  </div>
</div>
`;
