// Jest Snapshot v1, https://goo.gl/fbAQLP

exports[`LoginForm Component matches snapshot 1`] = `
<div>
  <div
    class="card"
  >
    <div
      class="card-header"
    >
      <h2
        class="text-xl font-semibold"
      >
        Sign In
      </h2>
    </div>
    <form
      class="card-body"
    >
      <div
        class="mb-4"
      >
        <label
          class="block mb-2 font-medium"
          for="email"
        >
          Email
        </label>
        <div
          class="relative"
        >
          <span
            class="absolute left-3 top-3 text-gray-500"
          >
            <svg
              aria-hidden="true"
              class="svg-inline--fa fa-envelope "
              data-icon="envelope"
              data-prefix="fas"
              focusable="false"
              role="img"
              viewBox="0 0 512 512"
              xmlns="http://www.w3.org/2000/svg"
            >
              <path
                d="M48 64C21.5 64 0 85.5 0 112c0 15.1 7.1 29.3 19.2 38.4L236.8 313.6c11.4 8.5 27 8.5 38.4 0L492.8 150.4c12.1-9.1 19.2-23.3 19.2-38.4c0-26.5-21.5-48-48-48L48 64zM0 176L0 384c0 35.3 28.7 64 64 64l384 0c35.3 0 64-28.7 64-64l0-208L294.4 339.2c-22.8 17.1-54 17.1-76.8 0L0 176z"
                fill="currentColor"
              />
            </svg>
          </span>
          <input
            aria-label="Email"
            class="form-input pl-10"
            id="email"
            name="email"
            placeholder="you@example.com"
            type="email"
            value=""
          />
        </div>
      </div>
      <div
        class="mb-6"
      >
        <label
          class="block mb-2 font-medium"
          for="password"
        >
          Password
        </label>
        <div
          class="relative"
        >
          <span
            class="absolute left-3 top-3 text-gray-500"
          >
            <svg
              aria-hidden="true"
              class="svg-inline--fa fa-lock "
              data-icon="lock"
              data-prefix="fas"
              focusable="false"
              role="img"
              viewBox="0 0 448 512"
              xmlns="http://www.w3.org/2000/svg"
            >
              <path
                d="M144 144l0 48 160 0 0-48c0-44.2-35.8-80-80-80s-80 35.8-80 80zM80 192l0-48C80 64.5 144.5 0 224 0s144 64.5 144 144l0 48 16 0c35.3 0 64 28.7 64 64l0 192c0 35.3-28.7 64-64 64L64 512c-35.3 0-64-28.7-64-64L0 256c0-35.3 28.7-64 64-64l16 0z"
                fill="currentColor"
              />
            </svg>
          </span>
          <input
            aria-label="Password"
            class="form-input pl-10"
            id="password"
            name="password"
            placeholder="••••••••"
            type="password"
            value=""
          />
        </div>
      </div>
      <div
        class="flex items-center justify-between"
      >
        <button
          class="
    inline-flex items-center justify-center font-medium transition-colors focus:outline-none focus:ring-2 focus:ring-offset-2
    text-base py-2 px-4
    bg-blue-600 hover:bg-blue-700 text-white focus:ring-blue-500 bg-blue
    
    
    rounded-md
    
  "
          type="submit"
        >
          Sign In
        </button>
        <a
          class="text-blue-600 hover:text-blue-800"
          href="/auth/forgot-password"
        >
          Forgot password?
        </a>
      </div>
    </form>
    <div
      class="card-footer"
    >
      <p
        class="text-center"
      >
        Don't have an account?
         
        <a
          class="text-blue-600 hover:text-blue-800"
          href="/auth/register"
        >
          Create one
        </a>
      </p>
    </div>
  </div>
</div>
`;
